=== bench tp1-d5 2026-09-29T10:33:40-05:00 http://127.0.0.1:8000/v1
model=gemma-4-31b-it max_model_len=262144 host=spark1
               total        used        free      shared  buff/cache   available
Mem:             121         105           3           0          14          15
--- short code, 3 runs
model=gemma-4-31b-it base=http://127.0.0.1:8000/v1 long_k=0 runs=3 max_tokens=512 no_think=False code=True
run1: prompt=57 gen=512 ttft=0.24s prefill=237 tok/s decode=26.8 tok/s total=19.4s
run2: prompt=57 gen=512 ttft=0.35s prefill=162 tok/s decode=26.4 tok/s total=19.7s
run3: prompt=57 gen=512 ttft=0.35s prefill=162 tok/s decode=25.1 tok/s total=20.8s
MEDIAN decode=26.4 tok/s  prefill=162 tok/s
--- short prose, 3 runs
model=gemma-4-31b-it base=http://127.0.0.1:8000/v1 long_k=0 runs=3 max_tokens=512 no_think=False code=False
run1: prompt=30 gen=512 ttft=0.18s prefill=166 tok/s decode=16.6 tok/s total=30.9s
run2: prompt=30 gen=512 ttft=0.18s prefill=170 tok/s decode=17.0 tok/s total=30.3s
run3: prompt=30 gen=512 ttft=0.35s prefill=87 tok/s decode=17.8 tok/s total=29.1s
MEDIAN decode=17.0 tok/s  prefill=166 tok/s
--- long ~9K prompt, 2 runs
model=gemma-4-31b-it base=http://127.0.0.1:8000/v1 long_k=12 runs=2 max_tokens=512 no_think=False code=False
run1: prompt=9298 gen=64 ttft=7.16s prefill=1299 tok/s decode=16.6 tok/s total=11.0s
run2: prompt=9298 gen=63 ttft=7.26s prefill=1280 tok/s decode=15.5 tok/s total=11.3s
MEDIAN decode=16.0 tok/s  prefill=1290 tok/s
--- cold prefill 8K x3
cold prefill: gemma-4-31b-it @ http://127.0.0.1:8000/v1  target ~8K tokens, 3 runs, unique prompt each time
  run1: prompt=6726 ttft=4.64s prefill=1451 tok/s total=4.98s
  run2: prompt=6742 ttft=4.73s prefill=1425 tok/s total=5.08s
  run3: prompt=6720 ttft=4.70s prefill=1429 tok/s total=5.05s
MEDIAN cold prefill = 1429 tok/s
--- cold prefill 28K x2
cold prefill: gemma-4-31b-it @ http://127.0.0.1:8000/v1  target ~28K tokens, 2 runs, unique prompt each time
  run1: prompt=23455 ttft=27.98s prefill=838 tok/s total=29.31s
  run2: prompt=23428 ttft=28.72s prefill=816 tok/s total=30.05s
MEDIAN cold prefill = 827 tok/s
--- smoke test
PASS  arithmetic
PASS  fact
PASS  code
PASS  thinking
PASS  tool call
model gemma-4-31b-it: ALL PASS
=== done 2026-09-29T10:47:06-05:00 -> bench/results/2026-09-29-tp1-d5.log
