=== bench tp1-d3 2026-09-29T09:15:55-05:00 http://127.0.0.1:8000/v1
model=gemma-4-31b-it max_model_len=262144 host=spark1
               total        used        free      shared  buff/cache   available
Mem:             121         105           2           0          14          15
--- short code, 3 runs
model=gemma-4-31b-it base=http://127.0.0.1:8000/v1 long_k=0 runs=3 max_tokens=512 no_think=False code=True
run1: prompt=57 gen=512 ttft=0.28s prefill=204 tok/s decode=21.4 tok/s total=24.2s
run2: prompt=57 gen=512 ttft=0.33s prefill=173 tok/s decode=21.6 tok/s total=24.1s
run3: prompt=57 gen=512 ttft=0.33s prefill=174 tok/s decode=21.4 tok/s total=24.2s
MEDIAN decode=21.4 tok/s  prefill=174 tok/s
--- short prose, 3 runs
model=gemma-4-31b-it base=http://127.0.0.1:8000/v1 long_k=0 runs=3 max_tokens=512 no_think=False code=False
run1: prompt=30 gen=512 ttft=0.27s prefill=112 tok/s decode=16.0 tok/s total=32.2s
run2: prompt=30 gen=512 ttft=0.33s prefill=91 tok/s decode=16.3 tok/s total=31.7s
run3: prompt=30 gen=512 ttft=0.33s prefill=90 tok/s decode=16.1 tok/s total=32.2s
MEDIAN decode=16.1 tok/s  prefill=91 tok/s
--- long ~9K prompt, 2 runs
model=gemma-4-31b-it base=http://127.0.0.1:8000/v1 long_k=12 runs=2 max_tokens=512 no_think=False code=False
run1: prompt=9298 gen=56 ttft=7.14s prefill=1303 tok/s decode=14.7 tok/s total=10.9s
run2: prompt=9298 gen=60 ttft=7.21s prefill=1289 tok/s decode=15.0 tok/s total=11.2s
MEDIAN decode=14.9 tok/s  prefill=1296 tok/s
--- cold prefill 8K x3
cold prefill: gemma-4-31b-it @ http://127.0.0.1:8000/v1  target ~8K tokens, 3 runs, unique prompt each time
  run1: prompt=6724 ttft=4.64s prefill=1448 tok/s total=5.15s
  run2: prompt=6683 ttft=4.69s prefill=1425 tok/s total=5.21s
  run3: prompt=6730 ttft=4.72s prefill=1427 tok/s total=5.05s
MEDIAN cold prefill = 1427 tok/s
--- cold prefill 28K x2
cold prefill: gemma-4-31b-it @ http://127.0.0.1:8000/v1  target ~28K tokens, 2 runs, unique prompt each time
  run1: prompt=23361 ttft=27.81s prefill=840 tok/s total=28.89s
  run2: prompt=23388 ttft=28.10s prefill=832 tok/s total=29.37s
MEDIAN cold prefill = 836 tok/s
--- smoke test
PASS  arithmetic
PASS  fact
PASS  code
PASS  thinking
PASS  tool call
model gemma-4-31b-it: ALL PASS
=== done 2026-09-29T09:29:44-05:00 -> bench/results/2026-09-29-tp1-d3.log
