=== bench tp2-d3 2026-09-29T10:15:06-05:00 http://127.0.0.1:8000/v1
model=gemma-4-31b-it max_model_len=262144 host=spark1
               total        used        free      shared  buff/cache   available
Mem:             121         102           1           0          18          19
--- short code, 3 runs
model=gemma-4-31b-it base=http://127.0.0.1:8000/v1 long_k=0 runs=3 max_tokens=512 no_think=False code=True
run1: prompt=57 gen=512 ttft=0.24s prefill=234 tok/s decode=34.9 tok/s total=14.9s
run2: prompt=57 gen=512 ttft=0.13s prefill=440 tok/s decode=36.5 tok/s total=14.1s
run3: prompt=57 gen=512 ttft=0.22s prefill=264 tok/s decode=36.1 tok/s total=14.4s
MEDIAN decode=36.1 tok/s  prefill=264 tok/s
--- short prose, 3 runs
model=gemma-4-31b-it base=http://127.0.0.1:8000/v1 long_k=0 runs=3 max_tokens=512 no_think=False code=False
run1: prompt=30 gen=512 ttft=0.16s prefill=187 tok/s decode=27.2 tok/s total=19.0s
run2: prompt=30 gen=512 ttft=0.23s prefill=129 tok/s decode=27.0 tok/s total=19.2s
run3: prompt=30 gen=512 ttft=0.14s prefill=207 tok/s decode=26.7 tok/s total=19.3s
MEDIAN decode=27.0 tok/s  prefill=187 tok/s
--- long ~9K prompt, 2 runs
model=gemma-4-31b-it base=http://127.0.0.1:8000/v1 long_k=12 runs=2 max_tokens=512 no_think=False code=False
run1: prompt=9298 gen=60 ttft=5.34s prefill=1742 tok/s decode=24.6 tok/s total=7.8s
run2: prompt=9298 gen=70 ttft=5.24s prefill=1775 tok/s decode=25.1 tok/s total=8.0s
MEDIAN decode=24.9 tok/s  prefill=1759 tok/s
--- cold prefill 8K x3
cold prefill: gemma-4-31b-it @ http://127.0.0.1:8000/v1  target ~8K tokens, 3 runs, unique prompt each time
  run1: prompt=6726 ttft=3.53s prefill=1908 tok/s total=3.75s
  run2: prompt=6736 ttft=3.60s prefill=1872 tok/s total=3.81s
  run3: prompt=6718 ttft=3.60s prefill=1867 tok/s total=3.93s
MEDIAN cold prefill = 1872 tok/s
--- cold prefill 28K x2
cold prefill: gemma-4-31b-it @ http://127.0.0.1:8000/v1  target ~28K tokens, 2 runs, unique prompt each time
  run1: prompt=23402 ttft=18.58s prefill=1260 tok/s total=19.20s
  run2: prompt=23433 ttft=18.69s prefill=1254 tok/s total=19.32s
MEDIAN cold prefill = 1257 tok/s
--- smoke test
PASS  arithmetic
PASS  fact
PASS  code
PASS  thinking
PASS  tool call
model gemma-4-31b-it: ALL PASS
=== done 2026-09-29T10:23:23-05:00 -> bench/results/2026-09-29-tp2-d3.log
